----- 2026-08-19 07:11:04 refresh start
Traceback (most recent call last):
  File "/Users/danielcrabbe14/Sites/jynk/blok/scraper/refresh.py", line 246, in <module>
    sys.exit(main())
  File "/Users/danielcrabbe14/Sites/jynk/blok/scraper/refresh.py", line 214, in main
    from playwright.sync_api import sync_playwright
ModuleNotFoundError: No module named 'playwright'
----- 2026-08-19 07:11:05 refresh exit 0
----- 2026-08-19 11:11:05 refresh start (python: /usr/bin/python3)
FATAL: playwright not installed for /usr/bin/python3
       fix: /usr/bin/python3 -m pip install playwright && /usr/bin/python3 -m playwright install chromium
----- 2026-08-19 11:11:05 refresh exit 3
----- 2026-08-19 15:11:05 refresh start (python: /usr/bin/python3)
FATAL: playwright not installed for /usr/bin/python3
       fix: /usr/bin/python3 -m pip install playwright && /usr/bin/python3 -m playwright install chromium
----- 2026-08-19 15:11:05 refresh exit 3
----- 2026-08-19 19:11:05 refresh start (python: /usr/bin/python3)
FATAL: playwright not installed for /usr/bin/python3
       fix: /usr/bin/python3 -m pip install playwright && /usr/bin/python3 -m playwright install chromium
----- 2026-08-19 19:11:05 refresh exit 3
----- 2026-08-19 23:11:05 refresh start (python: /usr/bin/python3)
FATAL: playwright not installed for /usr/bin/python3
       fix: /usr/bin/python3 -m pip install playwright && /usr/bin/python3 -m playwright install chromium
----- 2026-08-19 23:11:05 refresh exit 3
----- 2026-08-20 10:42:41 refresh start (python: /usr/bin/python3)
FATAL: playwright not installed for /usr/bin/python3
       fix: /usr/bin/python3 -m pip install playwright && /usr/bin/python3 -m playwright install chromium
----- 2026-08-20 10:42:41 refresh exit 3
----- 2026-08-20 14:42:41 refresh start (python: /usr/bin/python3)
FATAL: playwright not installed for /usr/bin/python3
       fix: /usr/bin/python3 -m pip install playwright && /usr/bin/python3 -m playwright install chromium
----- 2026-08-20 14:42:41 refresh exit 3
----- 2026-08-20 18:42:41 refresh start (python: /usr/bin/python3)
FATAL: playwright not installed for /usr/bin/python3
       fix: /usr/bin/python3 -m pip install playwright && /usr/bin/python3 -m playwright install chromium
----- 2026-08-20 18:42:41 refresh exit 3
----- 2026-08-20 22:42:41 refresh start (python: /usr/bin/python3)
FATAL: playwright not installed for /usr/bin/python3
       fix: /usr/bin/python3 -m pip install playwright && /usr/bin/python3 -m playwright install chromium
----- 2026-08-20 22:42:41 refresh exit 3
----- 2026-08-24 11:11:12 refresh start (python: /usr/bin/python3)
FATAL: playwright not installed for /usr/bin/python3
       fix: /usr/bin/python3 -m pip install playwright && /usr/bin/python3 -m playwright install chromium
----- 2026-08-24 11:11:12 refresh exit 3
----- 2026-08-24 15:11:12 refresh start (python: /usr/bin/python3)
FATAL: playwright not installed for /usr/bin/python3
       fix: /usr/bin/python3 -m pip install playwright && /usr/bin/python3 -m playwright install chromium
----- 2026-08-24 15:11:12 refresh exit 3
----- 2026-08-24 19:11:12 refresh start (python: /usr/bin/python3)
FATAL: playwright not installed for /usr/bin/python3
       fix: /usr/bin/python3 -m pip install playwright && /usr/bin/python3 -m playwright install chromium
----- 2026-08-24 19:11:13 refresh exit 3
----- 2026-08-25 07:45:44 refresh start (python: /usr/bin/python3)
FATAL: playwright not installed for /usr/bin/python3
       fix: /usr/bin/python3 -m pip install playwright && /usr/bin/python3 -m playwright install chromium
----- 2026-08-25 07:45:44 refresh exit 3
----- 2026-08-25 11:45:44 refresh start (python: /usr/bin/python3)
FATAL: playwright not installed for /usr/bin/python3
       fix: /usr/bin/python3 -m pip install playwright && /usr/bin/python3 -m playwright install chromium
----- 2026-08-25 11:45:44 refresh exit 3
----- 2026-08-25 15:45:44 refresh start (python: /usr/bin/python3)
FATAL: playwright not installed for /usr/bin/python3
       fix: /usr/bin/python3 -m pip install playwright && /usr/bin/python3 -m playwright install chromium
----- 2026-08-25 15:45:45 refresh exit 3
----- 2026-08-25 19:45:45 refresh start (python: /usr/bin/python3)
FATAL: playwright not installed for /usr/bin/python3
       fix: /usr/bin/python3 -m pip install playwright && /usr/bin/python3 -m playwright install chromium
----- 2026-08-25 19:45:45 refresh exit 3
----- 2026-08-25 23:45:45 refresh start (python: /usr/bin/python3)
FATAL: playwright not installed for /usr/bin/python3
       fix: /usr/bin/python3 -m pip install playwright && /usr/bin/python3 -m playwright install chromium
----- 2026-08-25 23:45:45 refresh exit 3
----- 2026-08-26 11:25:36 refresh start (python: /usr/bin/python3)
FATAL: playwright not installed for /usr/bin/python3
       fix: /usr/bin/python3 -m pip install playwright && /usr/bin/python3 -m playwright install chromium
----- 2026-08-26 11:25:36 refresh exit 3
----- 2026-08-26 15:25:36 refresh start (python: /usr/bin/python3)
FATAL: playwright not installed for /usr/bin/python3
       fix: /usr/bin/python3 -m pip install playwright && /usr/bin/python3 -m playwright install chromium
----- 2026-08-26 15:25:36 refresh exit 3
----- 2026-08-26 19:25:36 refresh start (python: /usr/bin/python3)
FATAL: playwright not installed for /usr/bin/python3
       fix: /usr/bin/python3 -m pip install playwright && /usr/bin/python3 -m playwright install chromium
----- 2026-08-26 19:25:36 refresh exit 3
----- 2026-08-26 23:25:36 refresh start (python: /usr/bin/python3)
BLOK refresh 2026-08-26 23:25:36
  ! no auth_state.json - your booked classes will not be marked. Run login_setup.py once.
  Clapton -> 0 classes  []
  Shoreditch -> 0 classes  []
  Mission E1 -> 0 classes  []
FATAL: no rows scraped - leaving /Users/danielcrabbe14/Sites/jynk/blok/index.html untouched
----- 2026-08-26 23:25:50 refresh FAILED (exit 1)
----- 2026-08-27 10:51:10 refresh start (python: /usr/bin/python3)
BLOK refresh 2026-08-27 10:51:10
  ! no auth_state.json - your booked classes will not be marked. Run login_setup.py once.
  Clapton -> 0 classes  []
  Shoreditch -> 0 classes  []
  Mission E1 -> 0 classes  []
FATAL: no rows scraped - leaving /Users/danielcrabbe14/Sites/jynk/blok/index.html untouched
----- 2026-08-27 10:51:23 refresh FAILED (exit 1)
----- 2026-08-27 14:51:23 refresh start (python: /usr/bin/python3)
BLOK refresh 2026-08-27 14:51:23
  ! no auth_state.json - your booked classes will not be marked. Run login_setup.py once.
  Clapton -> 0 classes  []
  Shoreditch -> 0 classes  []
  Mission E1 -> 0 classes  []
FATAL: no rows scraped - leaving /Users/danielcrabbe14/Sites/jynk/blok/index.html untouched
----- 2026-08-27 14:51:36 refresh FAILED (exit 1)
----- 2026-08-27 18:51:36 refresh start (python: /usr/bin/python3)
BLOK refresh 2026-08-27 18:51:36
  ! no auth_state.json - your booked classes will not be marked. Run login_setup.py once.
  Clapton -> 0 classes  []
  Shoreditch -> 0 classes  []
  Mission E1 -> 0 classes  []
FATAL: no rows scraped - leaving /Users/danielcrabbe14/Sites/jynk/blok/index.html untouched
----- 2026-08-27 18:51:49 refresh FAILED (exit 1)
